Connecting to the database...
Database connection successful.
Creating tables...
Tables created successfully.
Ensuring helpful indexes (no-op if already exist)...

=== Processing game 2018020001 ===
Preparing lazy event loader (per-game)...
Processing players in chunks for game 2018020001 (total=38)...
Loaded 357 events for game 2018020001.

=== Processing game 2018020002 ===
Preparing lazy event loader (per-game)...
Processing players in chunks for game 2018020002 (total=39)...
Loaded 315 events for game 2018020002.

=== Processing game 2018020003 ===
Preparing lazy event loader (per-game)...
Processing players in chunks for game 2018020003 (total=39)...
Loaded 281 events for game 2018020003.

=== Processing game 2018020004 ===
Preparing lazy event loader (per-game)...
Processing players in chunks for game 2018020004 (total=38)...
Loaded 301 events for game 2018020004.

=== Processing game 2018020005 ===
Preparing lazy event loader (per-game)...
Processing players in chunks for game 2018020005 (total=38)...
Loaded 308 events for game 2018020005.

=== Processing game 2018020006 ===
Preparing lazy event loader (per-game)...
Processing players in chunks for game 2018020006 (total=38)...
Loaded 333 events for game 2018020006.

=== Processing game 2018020007 ===
Preparing lazy event loader (per-game)...
Processing players in chunks for game 2018020007 (total=38)...
Loaded 351 events for game 2018020007.

=== Processing game 2018020008 ===
Preparing lazy event loader (per-game)...
Processing players in chunks for game 2018020008 (total=38)...
Loaded 355 events for game 2018020008.

=== Processing game 2018020009 ===
Preparing lazy event loader (per-game)...
Processing players in chunks for game 2018020009 (total=38)...
Loaded 366 events for game 2018020009.

=== Processing game 2018020010 ===
Preparing lazy event loader (per-game)...
Processing players in chunks for game 2018020010 (total=38)...
Loaded 345 events for game 2018020010.
Processed 1000 shifts, committed 0, elapsed 65.1s...

=== Processing game 2018020011 ===
Preparing lazy event loader (per-game)...
Processing players in chunks for game 2018020011 (total=38)...
Loaded 317 events for game 2018020011.

=== Processing game 2018020012 ===
Preparing lazy event loader (per-game)...
Processing players in chunks for game 2018020012 (total=38)...
Loaded 329 events for game 2018020012.

=== Processing game 2018020013 ===
Preparing lazy event loader (per-game)...
Processing players in chunks for game 2018020013 (total=38)...
Loaded 0 events for game 2018020013.
Processed 2000 shifts (no events), elapsed 84.4s...

=== Processing game 2018020014 ===
Preparing lazy event loader (per-game)...
Processing players in chunks for game 2018020014 (total=39)...
Loaded 310 events for game 2018020014.

=== Processing game 2018020015 ===
Preparing lazy event loader (per-game)...
Processing players in chunks for game 2018020015 (total=38)...
Loaded 273 events for game 2018020015.

=== Processing game 2018020016 ===
Preparing lazy event loader (per-game)...
Processing players in chunks for game 2018020016 (total=38)...
Loaded 313 events for game 2018020016.

=== Processing game 2018020017 ===
Preparing lazy event loader (per-game)...
Processing players in chunks for game 2018020017 (total=38)...
Loaded 330 events for game 2018020017.

=== Processing game 2018020018 ===
Preparing lazy event loader (per-game)...
Processing players in chunks for game 2018020018 (total=38)...
Loaded 366 events for game 2018020018.

=== Processing game 2018020019 ===
Preparing lazy event loader (per-game)...
Processing players in chunks for game 2018020019 (total=39)...
Loaded 333 events for game 2018020019.

=== Processing game 2018020020 ===
Preparing lazy event loader (per-game)...
Processing players in chunks for game 2018020020 (total=38)...
Loaded 298 events for game 2018020020.

=== Processing game 2018020021 ===
Preparing lazy event loader (per-game)...
Processing players in chunks for game 2018020021 (total=38)...
Loaded 278 events for game 2018020021.

=== Processing game 2018020022 ===
Preparing lazy event loader (per-game)...
Processing players in chunks for game 2018020022 (total=38)...
Loaded 0 events for game 2018020022.
Processed 3000 shifts (no events), elapsed 137.8s...

=== Processing game 2018020023 ===
Preparing lazy event loader (per-game)...
Processing players in chunks for game 2018020023 (total=38)...
Loaded 338 events for game 2018020023.

=== Processing game 2018020024 ===
Preparing lazy event loader (per-game)...
Processing players in chunks for game 2018020024 (total=38)...
Loaded 0 events for game 2018020024.
Processed 4000 shifts (no events), elapsed 151.0s...

=== Processing game 2018020025 ===
Preparing lazy event loader (per-game)...
Processing players in chunks for game 2018020025 (total=38)...
Loaded 0 events for game 2018020025.
Processed 5000 shifts (no events), elapsed 158.3s...

=== Processing game 2018020026 ===
Preparing lazy event loader (per-game)...
Processing players in chunks for game 2018020026 (total=38)...
Loaded 304 events for game 2018020026.

=== Processing game 2018020027 ===
Preparing lazy event loader (per-game)...
Processing players in chunks for game 2018020027 (total=38)...
Loaded 296 events for game 2018020027.

=== Processing game 2018020028 ===
Preparing lazy event loader (per-game)...
Processing players in chunks for game 2018020028 (total=38)...
Loaded 0 events for game 2018020028.
Processed 6000 shifts (no events), elapsed 176.6s...

=== Processing game 2018020029 ===
Preparing lazy event loader (per-game)...
Processing players in chunks for game 2018020029 (total=38)...
Loaded 360 events for game 2018020029.

=== Processing game 2018020030 ===
Preparing lazy event loader (per-game)...
Processing players in chunks for game 2018020030 (total=38)...
Loaded 323 events for game 2018020030.

=== Processing game 2018020031 ===
Preparing lazy event loader (per-game)...
Processing players in chunks for game 2018020031 (total=38)...
Loaded 0 events for game 2018020031.
Processed 7000 shifts, committed 0, elapsed 195.7s...

=== Processing game 2018020032 ===
Preparing lazy event loader (per-game)...
Processing players in chunks for game 2018020032 (total=38)...
Loaded 296 events for game 2018020032.

=== Processing game 2018020033 ===
Preparing lazy event loader (per-game)...
Processing players in chunks for game 2018020033 (total=38)...
Loaded 0 events for game 2018020033.
Processed 8000 shifts (no events), elapsed 208.6s...

=== Processing game 2018020034 ===
Preparing lazy event loader (per-game)...
Processing players in chunks for game 2018020034 (total=38)...
Loaded 264 events for game 2018020034.

=== Processing game 2018020035 ===
Preparing lazy event loader (per-game)...
Processing players in chunks for game 2018020035 (total=38)...
Loaded 349 events for game 2018020035.

=== Processing game 2018020036 ===
Preparing lazy event loader (per-game)...
Processing players in chunks for game 2018020036 (total=38)...
Loaded 0 events for game 2018020036.
Processed 9000 shifts (no events), elapsed 227.5s...

=== Processing game 2018020037 ===
Preparing lazy event loader (per-game)...
Processing players in chunks for game 2018020037 (total=38)...
Loaded 343 events for game 2018020037.

=== Processing game 2018020038 ===
Preparing lazy event loader (per-game)...
Processing players in chunks for game 2018020038 (total=38)...
Loaded 268 events for game 2018020038.

=== Processing game 2018020039 ===
Preparing lazy event loader (per-game)...
Processing players in chunks for game 2018020039 (total=38)...
Loaded 286 events for game 2018020039.

=== Processing game 2018020040 ===
Preparing lazy event loader (per-game)...
Processing players in chunks for game 2018020040 (total=38)...
Loaded 301 events for game 2018020040.

=== Processing game 2018020041 ===
Preparing lazy event loader (per-game)...
Processing players in chunks for game 2018020041 (total=38)...
Loaded 313 events for game 2018020041.

=== Processing game 2018020042 ===
Preparing lazy event loader (per-game)...
Processing players in chunks for game 2018020042 (total=38)...
Loaded 361 events for game 2018020042.

=== Processing game 2018020043 ===
Preparing lazy event loader (per-game)...
Processing players in chunks for game 2018020043 (total=38)...
Loaded 348 events for game 2018020043.

=== Processing game 2018020044 ===
Preparing lazy event loader (per-game)...
Processing players in chunks for game 2018020044 (total=38)...
Loaded 319 events for game 2018020044.

=== Processing game 2018020045 ===
Preparing lazy event loader (per-game)...
Processing players in chunks for game 2018020045 (total=38)...
Loaded 0 events for game 2018020045.
Processed 11000 shifts (no events), elapsed 287.5s...

=== Processing game 2018020046 ===
Preparing lazy event loader (per-game)...
Processing players in chunks for game 2018020046 (total=38)...
Loaded 266 events for game 2018020046.

=== Processing game 2018020047 ===
Preparing lazy event loader (per-game)...
Processing players in chunks for game 2018020047 (total=38)...
Loaded 325 events for game 2018020047.

=== Processing game 2018020048 ===
Preparing lazy event loader (per-game)...
Processing players in chunks for game 2018020048 (total=38)...
Loaded 338 events for game 2018020048.

=== Processing game 2018020049 ===
Preparing lazy event loader (per-game)...
Processing players in chunks for game 2018020049 (total=38)...
Loaded 320 events for game 2018020049.

=== Processing game 2018020050 ===
Preparing lazy event loader (per-game)...
Processing players in chunks for game 2018020050 (total=38)...
Loaded 329 events for game 2018020050.

=== Processing game 2018020051 ===
Preparing lazy event loader (per-game)...
Processing players in chunks for game 2018020051 (total=38)...
Loaded 346 events for game 2018020051.

=== Processing game 2018020052 ===
Preparing lazy event loader (per-game)...
Processing players in chunks for game 2018020052 (total=38)...
Loaded 0 events for game 2018020052.
Processed 12000 shifts (no events), elapsed 329.9s...

=== Processing game 2018020053 ===
Preparing lazy event loader (per-game)...
Processing players in chunks for game 2018020053 (total=38)...
Loaded 309 events for game 2018020053.

=== Processing game 2018020054 ===
Preparing lazy event loader (per-game)...
Processing players in chunks for game 2018020054 (total=39)...
Loaded 286 events for game 2018020054.

=== Processing game 2018020055 ===
Preparing lazy event loader (per-game)...
Processing players in chunks for game 2018020055 (total=38)...
Loaded 0 events for game 2018020055.
Processed 13000 shifts (no events), elapsed 349.0s...

=== Processing game 2018020056 ===
Preparing lazy event loader (per-game)...
Processing players in chunks for game 2018020056 (total=38)...
Loaded 0 events for game 2018020056.
Processed 14000 shifts (no events), elapsed 356.6s...

=== Processing game 2018020057 ===
Preparing lazy event loader (per-game)...
Processing players in chunks for game 2018020057 (total=38)...
Loaded 307 events for game 2018020057.

=== Processing game 2018020058 ===
Preparing lazy event loader (per-game)...
Processing players in chunks for game 2018020058 (total=38)...
Loaded 267 events for game 2018020058.

=== Processing game 2018020059 ===
Preparing lazy event loader (per-game)...
Processing players in chunks for game 2018020059 (total=39)...
Loaded 317 events for game 2018020059.

=== Processing game 2018020060 ===
Preparing lazy event loader (per-game)...
Processing players in chunks for game 2018020060 (total=38)...
Loaded 331 events for game 2018020060.

=== Processing game 2018020061 ===
Preparing lazy event loader (per-game)...
Processing players in chunks for game 2018020061 (total=38)...
Loaded 339 events for game 2018020061.

=== Processing game 2018020062 ===
Preparing lazy event loader (per-game)...
Processing players in chunks for game 2018020062 (total=38)...
Loaded 0 events for game 2018020062.
Processed 15000 shifts (no events), elapsed 393.4s...

=== Processing game 2018020063 ===
Preparing lazy event loader (per-game)...
Processing players in chunks for game 2018020063 (total=38)...
Loaded 310 events for game 2018020063.

=== Processing game 2018020064 ===
Preparing lazy event loader (per-game)...
Processing players in chunks for game 2018020064 (total=38)...
Loaded 325 events for game 2018020064.

=== Processing game 2018020065 ===
Preparing lazy event loader (per-game)...
Processing players in chunks for game 2018020065 (total=38)...
Loaded 0 events for game 2018020065.

=== Processing game 2018020066 ===
Preparing lazy event loader (per-game)...
Processing players in chunks for game 2018020066 (total=38)...
Loaded 289 events for game 2018020066.

=== Processing game 2018020067 ===
Preparing lazy event loader (per-game)...
Processing players in chunks for game 2018020067 (total=39)...
Loaded 0 events for game 2018020067.
Processed 17000 shifts (no events), elapsed 424.6s...

=== Processing game 2018020068 ===
Preparing lazy event loader (per-game)...
Processing players in chunks for game 2018020068 (total=38)...
Loaded 321 events for game 2018020068.

=== Processing game 2018020069 ===
Preparing lazy event loader (per-game)...
Processing players in chunks for game 2018020069 (total=38)...
Loaded 319 events for game 2018020069.

=== Processing game 2018020070 ===
Preparing lazy event loader (per-game)...
Processing players in chunks for game 2018020070 (total=38)...
Loaded 286 events for game 2018020070.

=== Processing game 2018020071 ===
Preparing lazy event loader (per-game)...
Processing players in chunks for game 2018020071 (total=38)...
Loaded 0 events for game 2018020071.
Processed 19000 shifts (no events), elapsed 455.7s...

=== Processing game 2018020072 ===
Preparing lazy event loader (per-game)...
Processing players in chunks for game 2018020072 (total=38)...
Loaded 315 events for game 2018020072.

=== Processing game 2018020073 ===
Preparing lazy event loader (per-game)...
Processing players in chunks for game 2018020073 (total=38)...
Loaded 0 events for game 2018020073.

=== Processing game 2018020074 ===
Preparing lazy event loader (per-game)...
Processing players in chunks for game 2018020074 (total=38)...
Loaded 343 events for game 2018020074.

=== Processing game 2018020075 ===
Preparing lazy event loader (per-game)...
Processing players in chunks for game 2018020075 (total=39)...
Loaded 367 events for game 2018020075.

=== Processing game 2018020076 ===
Preparing lazy event loader (per-game)...
Processing players in chunks for game 2018020076 (total=38)...
Loaded 319 events for game 2018020076.

=== Processing game 2018020077 ===
Preparing lazy event loader (per-game)...
Processing players in chunks for game 2018020077 (total=38)...
Loaded 0 events for game 2018020077.

=== Processing game 2018020078 ===
Preparing lazy event loader (per-game)...
Processing players in chunks for game 2018020078 (total=38)...
Loaded 280 events for game 2018020078.

=== Processing game 2018020079 ===
Preparing lazy event loader (per-game)...
Processing players in chunks for game 2018020079 (total=38)...
Loaded 378 events for game 2018020079.

=== Processing game 2018020080 ===
Preparing lazy event loader (per-game)...
Processing players in chunks for game 2018020080 (total=39)...
Loaded 334 events for game 2018020080.

=== Processing game 2018020081 ===
Preparing lazy event loader (per-game)...
Processing players in chunks for game 2018020081 (total=38)...
Loaded 307 events for game 2018020081.

=== Processing game 2018020082 ===
Preparing lazy event loader (per-game)...
Processing players in chunks for game 2018020082 (total=38)...
Loaded 0 events for game 2018020082.
Processed 22000 shifts (no events), elapsed 524.9s...

=== Processing game 2018020083 ===
Preparing lazy event loader (per-game)...
Processing players in chunks for game 2018020083 (total=38)...
Loaded 0 events for game 2018020083.
Processed 23000 shifts (no events), elapsed 532.4s...

=== Processing game 2018020084 ===
Preparing lazy event loader (per-game)...
Processing players in chunks for game 2018020084 (total=38)...
Loaded 306 events for game 2018020084.

=== Processing game 2018020085 ===
Preparing lazy event loader (per-game)...
Processing players in chunks for game 2018020085 (total=38)...
Loaded 344 events for game 2018020085.

=== Processing game 2018020086 ===
Preparing lazy event loader (per-game)...
Processing players in chunks for game 2018020086 (total=38)...
Loaded 0 events for game 2018020086.
Processed 24000 shifts (no events), elapsed 551.4s...

=== Processing game 2018020087 ===
Preparing lazy event loader (per-game)...
Processing players in chunks for game 2018020087 (total=38)...
Loaded 0 events for game 2018020087.

=== Processing game 2018020088 ===
Preparing lazy event loader (per-game)...
Processing players in chunks for game 2018020088 (total=38)...
Loaded 305 events for game 2018020088.

=== Processing game 2018020089 ===
Preparing lazy event loader (per-game)...
Processing players in chunks for game 2018020089 (total=38)...
Loaded 270 events for game 2018020089.
Processed 25000 shifts, committed 0, elapsed 567.2s...

=== Processing game 2018020090 ===
Preparing lazy event loader (per-game)...
Processing players in chunks for game 2018020090 (total=38)...
Loaded 0 events for game 2018020090.

=== Processing game 2018020091 ===
Preparing lazy event loader (per-game)...
Processing players in chunks for game 2018020091 (total=38)...
Loaded 0 events for game 2018020091.
Processed 26000 shifts (no events), elapsed 578.3s...

=== Processing game 2018020092 ===
Preparing lazy event loader (per-game)...
Processing players in chunks for game 2018020092 (total=38)...
Loaded 261 events for game 2018020092.

=== Processing game 2018020093 ===
Preparing lazy event loader (per-game)...
Processing players in chunks for game 2018020093 (total=38)...
Loaded 0 events for game 2018020093.
Processed 27000 shifts (no events), elapsed 591.7s...

=== Processing game 2018020094 ===
Preparing lazy event loader (per-game)...
Processing players in chunks for game 2018020094 (total=38)...
Loaded 316 events for game 2018020094.

=== Processing game 2018020095 ===
Preparing lazy event loader (per-game)...
Processing players in chunks for game 2018020095 (total=38)...
Loaded 0 events for game 2018020095.
Processed 28000 shifts (no events), elapsed 604.8s...

=== Processing game 2018020096 ===
Preparing lazy event loader (per-game)...
Processing players in chunks for game 2018020096 (total=38)...
Loaded 0 events for game 2018020096.
Processed 29000 shifts (no events), elapsed 612.4s...

=== Processing game 2018020097 ===
Preparing lazy event loader (per-game)...
Processing players in chunks for game 2018020097 (total=40)...
Loaded 290 events for game 2018020097.

=== Processing game 2018020098 ===
Preparing lazy event loader (per-game)...
Processing players in chunks for game 2018020098 (total=38)...
Loaded 0 events for game 2018020098.
Processed 30000 shifts (no events), elapsed 625.9s...

=== Processing game 2018020099 ===
Preparing lazy event loader (per-game)...
Processing players in chunks for game 2018020099 (total=40)...
Loaded 0 events for game 2018020099.
Processed 31000 shifts (no events), elapsed 633.3s...

=== Processing game 2018020100 ===
Preparing lazy event loader (per-game)...
Processing players in chunks for game 2018020100 (total=38)...
Loaded 277 events for game 2018020100.

=== Processing game 2018020101 ===
Preparing lazy event loader (per-game)...
Processing players in chunks for game 2018020101 (total=39)...
Loaded 319 events for game 2018020101.

=== Processing game 2018020102 ===
Preparing lazy event loader (per-game)...
Processing players in chunks for game 2018020102 (total=38)...
Loaded 316 events for game 2018020102.

=== Processing game 2018020103 ===
Preparing lazy event loader (per-game)...
Processing players in chunks for game 2018020103 (total=38)...
Loaded 354 events for game 2018020103.

=== Processing game 2018020104 ===
Preparing lazy event loader (per-game)...
Processing players in chunks for game 2018020104 (total=38)...
Loaded 339 events for game 2018020104.

=== Processing game 2018020105 ===
Preparing lazy event loader (per-game)...
Processing players in chunks for game 2018020105 (total=38)...
Loaded 286 events for game 2018020105.

=== Processing game 2018020106 ===
Preparing lazy event loader (per-game)...
Processing players in chunks for game 2018020106 (total=38)...
Loaded 336 events for game 2018020106.

=== Processing game 2018020107 ===
Preparing lazy event loader (per-game)...
Processing players in chunks for game 2018020107 (total=38)...
Loaded 345 events for game 2018020107.

=== Processing game 2018020108 ===
Preparing lazy event loader (per-game)...
Processing players in chunks for game 2018020108 (total=38)...
Loaded 0 events for game 2018020108.
Processed 32000 shifts (no events), elapsed 686.6s...

=== Processing game 2018020109 ===
Preparing lazy event loader (per-game)...
Processing players in chunks for game 2018020109 (total=38)...
Loaded 279 events for game 2018020109.

=== Processing game 2018020110 ===
Preparing lazy event loader (per-game)...
Processing players in chunks for game 2018020110 (total=38)...
Loaded 327 events for game 2018020110.

=== Processing game 2018020111 ===
Preparing lazy event loader (per-game)...
Processing players in chunks for game 2018020111 (total=38)...
Loaded 0 events for game 2018020111.

=== Processing game 2018020112 ===
Preparing lazy event loader (per-game)...
Processing players in chunks for game 2018020112 (total=38)...
Loaded 291 events for game 2018020112.

=== Processing game 2018020113 ===
Preparing lazy event loader (per-game)...
Processing players in chunks for game 2018020113 (total=38)...
Loaded 367 events for game 2018020113.

=== Processing game 2018020114 ===
Preparing lazy event loader (per-game)...
Processing players in chunks for game 2018020114 (total=39)...
Loaded 306 events for game 2018020114.

=== Processing game 2018020115 ===
Preparing lazy event loader (per-game)...
Processing players in chunks for game 2018020115 (total=38)...
Loaded 322 events for game 2018020115.

=== Processing game 2018020116 ===
Preparing lazy event loader (per-game)...
Processing players in chunks for game 2018020116 (total=38)...
Loaded 0 events for game 2018020116.
Processed 35000 shifts (no events), elapsed 743.6s...

=== Processing game 2018020117 ===
Preparing lazy event loader (per-game)...
Processing players in chunks for game 2018020117 (total=38)...
Loaded 282 events for game 2018020117.

=== Processing game 2018020118 ===
Preparing lazy event loader (per-game)...
Processing players in chunks for game 2018020118 (total=38)...
Loaded 318 events for game 2018020118.

=== Processing game 2018020119 ===
Preparing lazy event loader (per-game)...
Processing players in chunks for game 2018020119 (total=38)...
Loaded 292 events for game 2018020119.

=== Processing game 2018020120 ===
Preparing lazy event loader (per-game)...
Processing players in chunks for game 2018020120 (total=38)...
Loaded 333 events for game 2018020120.

=== Processing game 2018020121 ===
Preparing lazy event loader (per-game)...
Processing players in chunks for game 2018020121 (total=38)...
Loaded 257 events for game 2018020121.

=== Processing game 2018020122 ===
Preparing lazy event loader (per-game)...
Processing players in chunks for game 2018020122 (total=39)...
Loaded 0 events for game 2018020122.
Processed 36000 shifts (no events), elapsed 780.1s...

=== Processing game 2018020123 ===
Preparing lazy event loader (per-game)...
Processing players in chunks for game 2018020123 (total=38)...
Loaded 297 events for game 2018020123.

=== Processing game 2018020124 ===
Preparing lazy event loader (per-game)...
Processing players in chunks for game 2018020124 (total=38)...
Loaded 338 events for game 2018020124.

=== Processing game 2018020125 ===
Preparing lazy event loader (per-game)...
Processing players in chunks for game 2018020125 (total=38)...
Loaded 0 events for game 2018020125.
Processed 37000 shifts (no events), elapsed 799.2s...

=== Processing game 2018020126 ===
Preparing lazy event loader (per-game)...
Processing players in chunks for game 2018020126 (total=38)...
Loaded 0 events for game 2018020126.
Processed 38000 shifts (no events), elapsed 806.7s...

=== Processing game 2018020127 ===
Preparing lazy event loader (per-game)...
Processing players in chunks for game 2018020127 (total=38)...
Loaded 321 events for game 2018020127.

=== Processing game 2018020128 ===
Preparing lazy event loader (per-game)...
Processing players in chunks for game 2018020128 (total=38)...
Loaded 304 events for game 2018020128.

=== Processing game 2018020129 ===
Preparing lazy event loader (per-game)...
Processing players in chunks for game 2018020129 (total=38)...
Loaded 0 events for game 2018020129.
Processed 39000 shifts (no events), elapsed 825.1s...

=== Processing game 2018020130 ===
Preparing lazy event loader (per-game)...
Processing players in chunks for game 2018020130 (total=38)...
Loaded 327 events for game 2018020130.

=== Processing game 2018020131 ===
Preparing lazy event loader (per-game)...
Processing players in chunks for game 2018020131 (total=38)...
Loaded 332 events for game 2018020131.

=== Processing game 2018020132 ===
Preparing lazy event loader (per-game)...
Processing players in chunks for game 2018020132 (total=38)...
Loaded 248 events for game 2018020132.

=== Processing game 2018020133 ===
Preparing lazy event loader (per-game)...
Processing players in chunks for game 2018020133 (total=38)...
Loaded 0 events for game 2018020133.
Processed 40000 shifts, committed 0, elapsed 849.6s...

=== Processing game 2018020134 ===
Preparing lazy event loader (per-game)...
Processing players in chunks for game 2018020134 (total=38)...
Loaded 0 events for game 2018020134.
Processed 41000 shifts (no events), elapsed 857.0s...

=== Processing game 2018020135 ===
Preparing lazy event loader (per-game)...
Processing players in chunks for game 2018020135 (total=38)...
Loaded 287 events for game 2018020135.

=== Processing game 2018020136 ===
Preparing lazy event loader (per-game)...
Processing players in chunks for game 2018020136 (total=38)...
Loaded 322 events for game 2018020136.

=== Processing game 2018020137 ===
Preparing lazy event loader (per-game)...
Processing players in chunks for game 2018020137 (total=39)...
Loaded 299 events for game 2018020137.

=== Processing game 2018020138 ===
Preparing lazy event loader (per-game)...
Processing players in chunks for game 2018020138 (total=38)...
Loaded 290 events for game 2018020138.

=== Processing game 2018020139 ===
Preparing lazy event loader (per-game)...
Processing players in chunks for game 2018020139 (total=38)...
Loaded 282 events for game 2018020139.

=== Processing game 2018020140 ===
Preparing lazy event loader (per-game)...
Processing players in chunks for game 2018020140 (total=38)...
Loaded 314 events for game 2018020140.

=== Processing game 2018020141 ===
Preparing lazy event loader (per-game)...
Processing players in chunks for game 2018020141 (total=39)...
Loaded 0 events for game 2018020141.

=== Processing game 2018020142 ===
Preparing lazy event loader (per-game)...
Processing players in chunks for game 2018020142 (total=38)...
Loaded 335 events for game 2018020142.

=== Processing game 2018020143 ===
Preparing lazy event loader (per-game)...
Processing players in chunks for game 2018020143 (total=38)...
Loaded 0 events for game 2018020143.
Processed 43000 shifts, committed 0, elapsed 912.0s...

=== Processing game 2018020144 ===
Preparing lazy event loader (per-game)...
Processing players in chunks for game 2018020144 (total=38)...
Loaded 373 events for game 2018020144.

=== Processing game 2018020145 ===
Preparing lazy event loader (per-game)...
Processing players in chunks for game 2018020145 (total=38)...
Loaded 326 events for game 2018020145.

=== Processing game 2018020146 ===
Preparing lazy event loader (per-game)...
Processing players in chunks for game 2018020146 (total=38)...
Loaded 405 events for game 2018020146.

=== Processing game 2018020147 ===
Preparing lazy event loader (per-game)...
Processing players in chunks for game 2018020147 (total=38)...
Loaded 0 events for game 2018020147.

=== Processing game 2018020148 ===
Preparing lazy event loader (per-game)...
Processing players in chunks for game 2018020148 (total=38)...
Loaded 353 events for game 2018020148.

=== Processing game 2018020149 ===
Preparing lazy event loader (per-game)...
Processing players in chunks for game 2018020149 (total=38)...
Loaded 290 events for game 2018020149.

=== Processing game 2018020150 ===
Preparing lazy event loader (per-game)...
Processing players in chunks for game 2018020150 (total=38)...
Loaded 302 events for game 2018020150.

=== Processing game 2018020151 ===
Preparing lazy event loader (per-game)...
Processing players in chunks for game 2018020151 (total=38)...
Loaded 335 events for game 2018020151.

=== Processing game 2018020152 ===
Preparing lazy event loader (per-game)...
Processing players in chunks for game 2018020152 (total=38)...
Loaded 336 events for game 2018020152.

=== Processing game 2018020153 ===
Preparing lazy event loader (per-game)...
Processing players in chunks for game 2018020153 (total=38)...
Loaded 342 events for game 2018020153.

=== Processing game 2018020154 ===
Preparing lazy event loader (per-game)...
Processing players in chunks for game 2018020154 (total=38)...
Loaded 300 events for game 2018020154.

=== Processing game 2018020155 ===
Preparing lazy event loader (per-game)...
Processing players in chunks for game 2018020155 (total=39)...
Loaded 276 events for game 2018020155.

=== Processing game 2018020156 ===
Preparing lazy event loader (per-game)...
Processing players in chunks for game 2018020156 (total=38)...
Loaded 296 events for game 2018020156.

=== Processing game 2018020157 ===
Preparing lazy event loader (per-game)...
Processing players in chunks for game 2018020157 (total=38)...
Loaded 303 events for game 2018020157.

=== Processing game 2018020158 ===
Preparing lazy event loader (per-game)...
Processing players in chunks for game 2018020158 (total=38)...
Loaded 310 events for game 2018020158.

=== Processing game 2018020159 ===
Preparing lazy event loader (per-game)...
Processing players in chunks for game 2018020159 (total=38)...
Loaded 320 events for game 2018020159.

=== Processing game 2018020160 ===
Preparing lazy event loader (per-game)...
Processing players in chunks for game 2018020160 (total=38)...
Loaded 0 events for game 2018020160.
Processed 47000 shifts (no events), elapsed 1027.1s...

=== Processing game 2018020161 ===
Preparing lazy event loader (per-game)...
Processing players in chunks for game 2018020161 (total=38)...
Loaded 0 events for game 2018020161.

=== Processing game 2018020162 ===
Preparing lazy event loader (per-game)...
Processing players in chunks for game 2018020162 (total=38)...
Loaded 289 events for game 2018020162.
Processed 48000 shifts, committed 0, elapsed 1039.4s...

=== Processing game 2018020163 ===
Preparing lazy event loader (per-game)...
Processing players in chunks for game 2018020163 (total=38)...
Loaded 0 events for game 2018020163.

=== Processing game 2018020164 ===
Preparing lazy event loader (per-game)...
Processing players in chunks for game 2018020164 (total=38)...
Loaded 0 events for game 2018020164.
Processed 49000 shifts (no events), elapsed 1048.4s...

=== Processing game 2018020165 ===
Preparing lazy event loader (per-game)...
Processing players in chunks for game 2018020165 (total=38)...
Loaded 370 events for game 2018020165.

=== Processing game 2018020166 ===
Preparing lazy event loader (per-game)...
Processing players in chunks for game 2018020166 (total=38)...
Loaded 305 events for game 2018020166.

=== Processing game 2018020167 ===
Preparing lazy event loader (per-game)...
Processing players in chunks for game 2018020167 (total=38)...
Loaded 0 events for game 2018020167.
Processed 50000 shifts (no events), elapsed 1067.1s...

=== Processing game 2018020168 ===
Preparing lazy event loader (per-game)...
Processing players in chunks for game 2018020168 (total=40)...
Loaded 305 events for game 2018020168.

=== Processing game 2018020169 ===
Preparing lazy event loader (per-game)...
Processing players in chunks for game 2018020169 (total=38)...
Loaded 378 events for game 2018020169.

=== Processing game 2018020170 ===
Preparing lazy event loader (per-game)...
Processing players in chunks for game 2018020170 (total=39)...
Loaded 329 events for game 2018020170.
Processed 51000 shifts, committed 0, elapsed 1091.2s...

=== Processing game 2018020171 ===
Preparing lazy event loader (per-game)...
Processing players in chunks for game 2018020171 (total=38)...
Loaded 342 events for game 2018020171.

=== Processing game 2018020172 ===
Preparing lazy event loader (per-game)...
Processing players in chunks for game 2018020172 (total=39)...
Loaded 344 events for game 2018020172.

=== Processing game 2018020173 ===
Preparing lazy event loader (per-game)...
Processing players in chunks for game 2018020173 (total=38)...
Loaded 0 events for game 2018020173.
Processed 52000 shifts (no events), elapsed 1111.4s...

=== Processing game 2018020174 ===
Preparing lazy event loader (per-game)...
Processing players in chunks for game 2018020174 (total=38)...
Loaded 354 events for game 2018020174.

=== Processing game 2018020175 ===
Preparing lazy event loader (per-game)...
Processing players in chunks for game 2018020175 (total=39)...
Loaded 0 events for game 2018020175.

=== Processing game 2018020176 ===
Preparing lazy event loader (per-game)...
Processing players in chunks for game 2018020176 (total=38)...
Loaded 315 events for game 2018020176.

=== Processing game 2018020177 ===
Preparing lazy event loader (per-game)...
Processing players in chunks for game 2018020177 (total=38)...
Loaded 302 events for game 2018020177.

=== Processing game 2018020178 ===
Preparing lazy event loader (per-game)...
Processing players in chunks for game 2018020178 (total=38)...
Loaded 292 events for game 2018020178.

=== Processing game 2018020179 ===
Preparing lazy event loader (per-game)...
Processing players in chunks for game 2018020179 (total=38)...
Loaded 307 events for game 2018020179.

=== Processing game 2018020180 ===
Preparing lazy event loader (per-game)...
Processing players in chunks for game 2018020180 (total=38)...
Loaded 0 events for game 2018020180.
Processed 54000 shifts (no events), elapsed 1155.2s...

=== Processing game 2018020181 ===
Preparing lazy event loader (per-game)...
Processing players in chunks for game 2018020181 (total=38)...
Loaded 328 events for game 2018020181.

=== Processing game 2018020182 ===
Preparing lazy event loader (per-game)...
Processing players in chunks for game 2018020182 (total=38)...
Loaded 0 events for game 2018020182.
Processed 55000 shifts (no events), elapsed 1168.5s...

=== Processing game 2018020183 ===
Preparing lazy event loader (per-game)...
Processing players in chunks for game 2018020183 (total=38)...
Loaded 0 events for game 2018020183.

=== Processing game 2018020184 ===
Preparing lazy event loader (per-game)...
Processing players in chunks for game 2018020184 (total=38)...
Loaded 331 events for game 2018020184.

=== Processing game 2018020185 ===
Preparing lazy event loader (per-game)...
Processing players in chunks for game 2018020185 (total=38)...
Loaded 296 events for game 2018020185.
Processed 56000 shifts, committed 0, elapsed 1182.7s...

=== Processing game 2018020186 ===
Preparing lazy event loader (per-game)...
Processing players in chunks for game 2018020186 (total=38)...
Loaded 0 events for game 2018020186.

=== Processing game 2018020187 ===
Preparing lazy event loader (per-game)...
Processing players in chunks for game 2018020187 (total=38)...
Loaded 334 events for game 2018020187.

=== Processing game 2018020188 ===
Preparing lazy event loader (per-game)...
Processing players in chunks for game 2018020188 (total=38)...
Loaded 332 events for game 2018020188.
Processed 57000 shifts, committed 0, elapsed 1205.6s...

=== Processing game 2018020189 ===
Preparing lazy event loader (per-game)...
Processing players in chunks for game 2018020189 (total=38)...
Loaded 286 events for game 2018020189.

=== Processing game 2018020190 ===
Preparing lazy event loader (per-game)...
Processing players in chunks for game 2018020190 (total=38)...
Loaded 0 events for game 2018020190.

=== Processing game 2018020191 ===
Preparing lazy event loader (per-game)...
Processing players in chunks for game 2018020191 (total=38)...
Loaded 332 events for game 2018020191.

=== Processing game 2018020192 ===
Preparing lazy event loader (per-game)...
Processing players in chunks for game 2018020192 (total=38)...
Loaded 316 events for game 2018020192.

=== Processing game 2018020193 ===
Preparing lazy event loader (per-game)...
Processing players in chunks for game 2018020193 (total=38)...
Loaded 339 events for game 2018020193.

=== Processing game 2018020194 ===
Preparing lazy event loader (per-game)...
Processing players in chunks for game 2018020194 (total=38)...
Loaded 322 events for game 2018020194.

=== Processing game 2018020195 ===
Preparing lazy event loader (per-game)...
Processing players in chunks for game 2018020195 (total=39)...
Loaded 258 events for game 2018020195.

=== Processing game 2018020196 ===
Preparing lazy event loader (per-game)...
Processing players in chunks for game 2018020196 (total=38)...
Loaded 374 events for game 2018020196.

=== Processing game 2018020197 ===
Preparing lazy event loader (per-game)...
Processing players in chunks for game 2018020197 (total=38)...
Loaded 0 events for game 2018020197.
Processed 59000 shifts (no events), elapsed 1262.3s...

=== Processing game 2018020198 ===
Preparing lazy event loader (per-game)...
Processing players in chunks for game 2018020198 (total=38)...
Loaded 0 events for game 2018020198.
Processed 60000 shifts, committed 0, elapsed 1270.2s...

=== Processing game 2018020199 ===
Preparing lazy event loader (per-game)...
Processing players in chunks for game 2018020199 (total=39)...
Loaded 0 events for game 2018020199.
Processed 61000 shifts (no events), elapsed 1277.6s...

=== Processing game 2018020200 ===
Preparing lazy event loader (per-game)...
Processing players in chunks for game 2018020200 (total=38)...
Loaded 0 events for game 2018020200.

=== Processing game 2018020201 ===
Preparing lazy event loader (per-game)...
Processing players in chunks for game 2018020201 (total=38)...
Loaded 0 events for game 2018020201.
Processed 62000 shifts (no events), elapsed 1285.6s...

=== Processing game 2018020202 ===
Preparing lazy event loader (per-game)...
Processing players in chunks for game 2018020202 (total=38)...
Loaded 0 events for game 2018020202.
Processed 63000 shifts (no events), elapsed 1293.7s...

=== Processing game 2018020203 ===
Preparing lazy event loader (per-game)...
Processing players in chunks for game 2018020203 (total=38)...
Loaded 278 events for game 2018020203.

=== Processing game 2018020204 ===
Preparing lazy event loader (per-game)...
Processing players in chunks for game 2018020204 (total=38)...
Loaded 394 events for game 2018020204.

=== Processing game 2018020205 ===
Preparing lazy event loader (per-game)...
Processing players in chunks for game 2018020205 (total=38)...
Loaded 299 events for game 2018020205.

=== Processing game 2018020206 ===
Preparing lazy event loader (per-game)...
Processing players in chunks for game 2018020206 (total=38)...
Loaded 301 events for game 2018020206.

=== Processing game 2018020207 ===
Preparing lazy event loader (per-game)...
Processing players in chunks for game 2018020207 (total=38)...
Loaded 0 events for game 2018020207.
Processed 64000 shifts (no events), elapsed 1324.3s...

=== Processing game 2018020208 ===
Preparing lazy event loader (per-game)...
Processing players in chunks for game 2018020208 (total=38)...
Loaded 0 events for game 2018020208.
Processed 65000 shifts (no events), elapsed 1331.8s...

=== Processing game 2018020209 ===
Preparing lazy event loader (per-game)...
Processing players in chunks for game 2018020209 (total=38)...
Loaded 288 events for game 2018020209.

=== Processing game 2018020210 ===
Preparing lazy event loader (per-game)...
Processing players in chunks for game 2018020210 (total=38)...
Loaded 331 events for game 2018020210.

=== Processing game 2018020211 ===
Preparing lazy event loader (per-game)...
Processing players in chunks for game 2018020211 (total=38)...
Loaded 339 events for game 2018020211.

=== Processing game 2018020212 ===
Preparing lazy event loader (per-game)...
Processing players in chunks for game 2018020212 (total=39)...
Loaded 389 events for game 2018020212.

=== Processing game 2018020213 ===
Preparing lazy event loader (per-game)...
Processing players in chunks for game 2018020213 (total=38)...
Loaded 0 events for game 2018020213.
Processed 66000 shifts (no events), elapsed 1362.8s...

=== Processing game 2018020214 ===
Preparing lazy event loader (per-game)...
Processing players in chunks for game 2018020214 (total=38)...
Loaded 0 events for game 2018020214.
Processed 67000 shifts (no events), elapsed 1370.7s...

=== Processing game 2018020215 ===
Preparing lazy event loader (per-game)...
Processing players in chunks for game 2018020215 (total=38)...
Loaded 0 events for game 2018020215.
Processed 68000 shifts (no events), elapsed 1378.9s...

=== Processing game 2018020216 ===
Preparing lazy event loader (per-game)...
Processing players in chunks for game 2018020216 (total=38)...
Loaded 0 events for game 2018020216.

=== Processing game 2018020217 ===
Preparing lazy event loader (per-game)...
Processing players in chunks for game 2018020217 (total=38)...
Loaded 279 events for game 2018020217.

=== Processing game 2018020218 ===
Preparing lazy event loader (per-game)...
Processing players in chunks for game 2018020218 (total=40)...
Loaded 0 events for game 2018020218.

=== Processing game 2018020219 ===
Preparing lazy event loader (per-game)...
Processing players in chunks for game 2018020219 (total=38)...
Loaded 0 events for game 2018020219.
Processed 70000 shifts, committed 0, elapsed 1399.7s...

=== Processing game 2018020220 ===
Preparing lazy event loader (per-game)...
Processing players in chunks for game 2018020220 (total=38)...
Loaded 0 events for game 2018020220.
Processed 71000 shifts (no events), elapsed 1406.8s...

=== Processing game 2018020221 ===
Preparing lazy event loader (per-game)...
Processing players in chunks for game 2018020221 (total=38)...
Loaded 0 events for game 2018020221.
Processed 72000 shifts (no events), elapsed 1414.6s...

=== Processing game 2018020222 ===
Preparing lazy event loader (per-game)...
Processing players in chunks for game 2018020222 (total=38)...
Loaded 0 events for game 2018020222.
Processed 73000 shifts (no events), elapsed 1421.6s...

=== Processing game 2018020223 ===
Preparing lazy event loader (per-game)...
Processing players in chunks for game 2018020223 (total=38)...
Loaded 0 events for game 2018020223.
Processed 74000 shifts (no events), elapsed 1429.4s...

=== Processing game 2018020224 ===
Preparing lazy event loader (per-game)...
Processing players in chunks for game 2018020224 (total=38)...
Loaded 0 events for game 2018020224.

=== Processing game 2018020225 ===
Preparing lazy event loader (per-game)...
Processing players in chunks for game 2018020225 (total=38)...
Loaded 0 events for game 2018020225.
Processed 75000 shifts (no events), elapsed 1437.5s...

=== Processing game 2018020226 ===
Preparing lazy event loader (per-game)...
Processing players in chunks for game 2018020226 (total=38)...
Loaded 0 events for game 2018020226.
Processed 76000 shifts (no events), elapsed 1444.3s...

=== Processing game 2018020227 ===
Preparing lazy event loader (per-game)...
Processing players in chunks for game 2018020227 (total=39)...
Loaded 0 events for game 2018020227.
Processed 77000 shifts (no events), elapsed 1451.9s...

=== Processing game 2018020228 ===
Preparing lazy event loader (per-game)...
Processing players in chunks for game 2018020228 (total=38)...
Loaded 0 events for game 2018020228.
Processed 78000 shifts (no events), elapsed 1459.3s...

=== Processing game 2018020229 ===
Preparing lazy event loader (per-game)...
Processing players in chunks for game 2018020229 (total=39)...
Loaded 0 events for game 2018020229.
Processed 79000 shifts (no events), elapsed 1466.3s...

=== Processing game 2018020230 ===
Preparing lazy event loader (per-game)...
Processing players in chunks for game 2018020230 (total=39)...
Loaded 0 events for game 2018020230.

=== Processing game 2018020231 ===
Preparing lazy event loader (per-game)...
Processing players in chunks for game 2018020231 (total=38)...
Loaded 370 events for game 2018020231.
Processed 80000 shifts, committed 0, elapsed 1474.5s...

=== Processing game 2018020232 ===
Preparing lazy event loader (per-game)...
Processing players in chunks for game 2018020232 (total=38)...
Loaded 0 events for game 2018020232.

=== Processing game 2018020233 ===
Preparing lazy event loader (per-game)...
Processing players in chunks for game 2018020233 (total=38)...
Loaded 277 events for game 2018020233.

=== Processing game 2018020234 ===
Preparing lazy event loader (per-game)...
Processing players in chunks for game 2018020234 (total=38)...
Loaded 0 events for game 2018020234.

=== Processing game 2018020235 ===
Preparing lazy event loader (per-game)...
Processing players in chunks for game 2018020235 (total=38)...
Loaded 303 events for game 2018020235.

=== Processing game 2018020236 ===
Preparing lazy event loader (per-game)...
Processing players in chunks for game 2018020236 (total=38)...
Loaded 345 events for game 2018020236.

=== Processing game 2018020237 ===
Preparing lazy event loader (per-game)...
Processing players in chunks for game 2018020237 (total=38)...
Loaded 343 events for game 2018020237.

=== Processing game 2018020238 ===
Preparing lazy event loader (per-game)...
Processing players in chunks for game 2018020238 (total=38)...
Loaded 320 events for game 2018020238.

=== Processing game 2018020239 ===
Preparing lazy event loader (per-game)...
Processing players in chunks for game 2018020239 (total=38)...
Loaded 297 events for game 2018020239.

=== Processing game 2018020240 ===
Preparing lazy event loader (per-game)...
Processing players in chunks for game 2018020240 (total=38)...
Loaded 296 events for game 2018020240.

=== Processing game 2018020241 ===
Preparing lazy event loader (per-game)...
Processing players in chunks for game 2018020241 (total=38)...
Loaded 307 events for game 2018020241.

=== Processing game 2018020242 ===
Preparing lazy event loader (per-game)...
Processing players in chunks for game 2018020242 (total=38)...
Loaded 310 events for game 2018020242.

=== Processing game 2018020243 ===
Preparing lazy event loader (per-game)...
Processing players in chunks for game 2018020243 (total=38)...
Loaded 304 events for game 2018020243.

=== Processing game 2018020244 ===
Preparing lazy event loader (per-game)...
Processing players in chunks for game 2018020244 (total=38)...
Loaded 304 events for game 2018020244.

=== Processing game 2018020245 ===
Preparing lazy event loader (per-game)...
Processing players in chunks for game 2018020245 (total=38)...
Loaded 347 events for game 2018020245.

=== Processing game 2018020246 ===
Preparing lazy event loader (per-game)...
Processing players in chunks for game 2018020246 (total=38)...
Loaded 345 events for game 2018020246.

=== Processing game 2018020247 ===
Preparing lazy event loader (per-game)...
Processing players in chunks for game 2018020247 (total=38)...
Loaded 317 events for game 2018020247.
Processed 83000 shifts, committed 0, elapsed 1580.5s...

=== Processing game 2018020248 ===
Preparing lazy event loader (per-game)...
Processing players in chunks for game 2018020248 (total=38)...
Loaded 301 events for game 2018020248.

=== Processing game 2018020249 ===
Preparing lazy event loader (per-game)...
Processing players in chunks for game 2018020249 (total=38)...
Loaded 350 events for game 2018020249.

=== Processing game 2018020250 ===
Preparing lazy event loader (per-game)...
Processing players in chunks for game 2018020250 (total=38)...
Loaded 391 events for game 2018020250.

=== Processing game 2018020251 ===
Preparing lazy event loader (per-game)...
Processing players in chunks for game 2018020251 (total=38)...
Loaded 320 events for game 2018020251.

=== Processing game 2018020252 ===
Preparing lazy event loader (per-game)...
Processing players in chunks for game 2018020252 (total=38)...
Loaded 293 events for game 2018020252.

=== Processing game 2018020253 ===
Preparing lazy event loader (per-game)...
Processing players in chunks for game 2018020253 (total=38)...
Loaded 296 events for game 2018020253.

=== Processing game 2018020254 ===